{
	"name": "ls-exports",
	"version": null,
	"engines": {
		"node": ">= 16 || ^14.15 || ^12.22"
	},
	"problems": [
		"the provided node version (12.17 - 12.19 || ^13.13 || 14.0 - 14.12) does not match the packageâ€™s `engines.node` declaration (>= 16 || ^14.15 || ^12.22)"
	],
	"exports": {
		"binaries": {
			"ls-exports": "./bin/ls-exports"
		},
		"latest": "broken-dir-slash-conditions",
		"broken-dir-slash-conditions": {
			"import": {},
			"require": {
				"./package.json": "./package.json"
			},
			"files": [
				"./package.json"
			],
			"tree": {
				"package.json": [
					"./package.json"
				]
			}
		},
		"pre-exports": {
			"import": {},
			"require": {
				"./exportsTable": "./exportsTable.js",
				"./exportsTable.js": "./exportsTable.js",
				"./getPackageJSONPath": "./getPackageJSONPath.js",
				"./getPackageJSONPath.js": "./getPackageJSONPath.js",
				"./package": "./package.json",
				"./package.json": "./package.json",
				"./table": "./table.js",
				"./table.js": "./table.js"
			},
			"files": [
				"./exportsTable.js",
				"./getPackageJSONPath.js",
				"./package.json",
				"./table.js"
			],
			"tree": {
				"exportsTable.js": [
					"./exportsTable.js",
					"./exportsTable"
				],
				"getPackageJSONPath.js": [
					"./getPackageJSONPath.js",
					"./getPackageJSONPath"
				],
				"package.json": [
					"./package.json",
					"./package"
				],
				"table.js": [
					"./table.js",
					"./table"
				]
			}
		}
	}
}
