{
	"name": "list-exports",
	"version": null,
	"engines": {
		"node": ">= 10"
	},
	"problems": [],
	"exports": {
		"binaries": {},
		"latest": "broken-dir-slash-conditions",
		"broken-dir-slash-conditions": {
			"import": {
				".": "./index.mjs"
			},
			"require": {
				".": "./index.js",
				"./package.json": "./package.json"
			},
			"files": [
				"./index.js",
				"./index.mjs",
				"./package.json"
			],
			"tree": {
				"index.js": [
					"."
				],
				"package.json": [
					"./package.json"
				],
				"index.mjs": [
					"."
				]
			}
		},
		"pre-exports": {
			"import": {},
			"require": {
				".": "./index.js",
				"./": "./index.js",
				"./index": "./index.js",
				"./index.js": "./index.js",
				"./index.mjs": "./index.mjs",
				"./package": "./package.json",
				"./package.json": "./package.json"
			},
			"files": [
				"./index.js",
				"./index.mjs",
				"./package.json"
			],
			"tree": {
				"index.js": [
					".",
					"./",
					"./index.js",
					"./index"
				],
				"index.mjs": [
					"./index.mjs"
				],
				"package.json": [
					"./package.json",
					"./package"
				]
			}
		}
	}
}
