{
	"name": "single-spa-layout",
	"version": "1.0.0-beta.6",
	"engines": {
		"node": "*"
	},
	"problems": [
		"`./package.json`: inside a conditions object, a files object (keys starting with `.`) is invalid"
	],
	"exports": {
		"binaries": {},
		"latest": "patterns",
		"patterns": {
			"import": {},
			"require": {},
			"files": [],
			"tree": {}
		},
		"pre-exports": {
			"import": {},
			"require": {
				".": "./dist/umd/single-spa-layout.min.js",
				"./": "./dist/umd/single-spa-layout.min.js",
				"./package": "./package.json",
				"./package.json": "./package.json",
				"./dist/esm/single-spa-layout.min": "./dist/esm/single-spa-layout.min.js",
				"./dist/esm/single-spa-layout.min.js": "./dist/esm/single-spa-layout.min.js",
				"./dist/system/single-spa-layout.min": "./dist/system/single-spa-layout.min.js",
				"./dist/system/single-spa-layout.min.js": "./dist/system/single-spa-layout.min.js",
				"./dist/umd/single-spa-layout.min": "./dist/umd/single-spa-layout.min.js",
				"./dist/umd/single-spa-layout.min.js": "./dist/umd/single-spa-layout.min.js"
			},
			"files": [
				"./package.json",
				"./dist/esm/single-spa-layout.min.js",
				"./dist/system/single-spa-layout.min.js",
				"./dist/umd/single-spa-layout.min.js"
			],
			"tree": {
				"package.json": [
					"./package.json",
					"./package"
				],
				"dist": {
					"umd": {
						"single-spa-layout.min.js": [
							".",
							"./",
							"./dist/umd/single-spa-layout.min.js",
							"./dist/umd/single-spa-layout.min"
						]
					},
					"esm": {
						"single-spa-layout.min.js": [
							"./dist/esm/single-spa-layout.min.js",
							"./dist/esm/single-spa-layout.min"
						]
					},
					"system": {
						"single-spa-layout.min.js": [
							"./dist/system/single-spa-layout.min.js",
							"./dist/system/single-spa-layout.min"
						]
					}
				}
			}
		}
	}
}
