{
	"name": "ex-node-modules",
	"version": "0.0.0",
	"engines": {
		"node": "*"
	},
	"problems": [
		"`.` has a `package.json`, but both its `main` and `index.js` do not exist!",
		"`.` has a `package.json`, but lacks both a `main` and an `index.js`!",
		"ERR_INVALID_PACKAGE_TARGET: package `exports` is invalid; values may not contain a `node_modules` path segment (`./local-encoded`: `./no%64e_modules/dep/dep.js`, `./local`: `./node_modules/dep/dep.js`)."
	],
	"exports": {
		"binaries": {},
		"latest": "pattern-trailers-no-dir-slash",
		"pattern-trailers-no-dir-slash": {
			"import": {
				".": "./default.js",
				"./node_modules/dep": "./dep.js"
			},
			"require": {
				".": "./default.js",
				"./package.json": "./package.json",
				"./node_modules/dep": "./dep.js"
			},
			"files": [
				"./default.js",
				"./dep.js",
				"./package.json"
			],
			"tree": {
				"dep.js": [
					"./node_modules/dep"
				],
				"default.js": [
					"."
				],
				"package.json": [
					"./package.json"
				]
			}
		},
		"pre-exports": {
			"import": {},
			"require": {
				"./default": "./default.js",
				"./default.js": "./default.js",
				"./dep": "./dep.js",
				"./dep.js": "./dep.js",
				"./package": "./package.json",
				"./package.json": "./package.json"
			},
			"files": [
				"./default.js",
				"./dep.js",
				"./package.json"
			],
			"tree": {
				"default.js": [
					"./default.js",
					"./default"
				],
				"dep.js": [
					"./dep.js",
					"./dep"
				],
				"package.json": [
					"./package.json",
					"./package"
				]
			}
		}
	}
}
